AR clk_div behavioral /home/m1/ma/q1/clk_div.vhd sub00/vhpl01 1507032603
EN chenillard NULL /home/m1/ma/q1/chenillard.vhd sub00/vhpl04 1507032225
AR shift_vector behavioral /home/m1/ma/q1/shift_vector.vhd sub00/vhpl03 1507032224
EN shift_vector NULL /home/m1/ma/q1/shift_vector.vhd sub00/vhpl02 1507032223
EN clk_div NULL /home/m1/ma/q1/clk_div.vhd sub00/vhpl00 1507032602
AR chenillard behavioral /home/m1/ma/q1/chenillard.vhd sub00/vhpl05 1507032226
