--------------------------------------------------------------------------------
Release 12.4 Trace  (lin64)
Copyright (c) 1995-2010 Xilinx, Inc.  All rights reserved.

/opt/Xilinx/12.4/ISE_DS/ISE/bin/lin64/unwrapped/trce -intstyle ise -v 3 -s 3 -n
3 -fastpaths -xml add4.twx add4.ncd -o add4.twr add4.pcf

Design file:              add4.ncd
Physical constraint file: add4.pcf
Device,package,speed:     xc6slx16,csg324,C,-3 (PRODUCTION 1.15 2010-12-02)
Report level:             verbose report

Environment Variable      Effect 
--------------------      ------ 
NONE                      No environment variables were set
--------------------------------------------------------------------------------

INFO:Timing:2698 - No timing constraints found, doing default enumeration.
INFO:Timing:2752 - To get complete path coverage, use the unconstrained paths 
   option. All paths that are not constrained will be reported in the 
   unconstrained paths section(s) of the report.
INFO:Timing:3339 - The clock-to-out numbers in this timing report are based on 
   a 50 Ohm transmission line loading model.  For the details of this model, 
   and for more information on accounting for different loading conditions, 
   please see the device datasheet.



Data Sheet report:
-----------------
All values displayed in nanoseconds (ns)

Pad to Pad
---------------+---------------+---------+
Source Pad     |Destination Pad|  Delay  |
---------------+---------------+---------+
A<0>           |SUM<0>         |    6.743|
A<0>           |SUM<1>         |    7.194|
A<0>           |SUM<2>         |    6.520|
A<0>           |SUM<3>         |    6.951|
A<0>           |SUM<4>         |    6.652|
A<1>           |SUM<1>         |    6.728|
A<1>           |SUM<2>         |    6.239|
A<1>           |SUM<3>         |    7.297|
A<1>           |SUM<4>         |    6.998|
A<2>           |SUM<2>         |    6.781|
A<2>           |SUM<3>         |    6.930|
A<2>           |SUM<4>         |    6.631|
A<3>           |SUM<3>         |    6.724|
A<3>           |SUM<4>         |    6.425|
B<0>           |SUM<0>         |    6.395|
B<0>           |SUM<1>         |    6.846|
B<0>           |SUM<2>         |    6.497|
B<0>           |SUM<3>         |    7.090|
B<0>           |SUM<4>         |    6.791|
B<1>           |SUM<1>         |    6.990|
B<1>           |SUM<2>         |    6.308|
B<1>           |SUM<3>         |    7.044|
B<1>           |SUM<4>         |    6.745|
B<2>           |SUM<2>         |    6.141|
B<2>           |SUM<3>         |    6.969|
B<2>           |SUM<4>         |    6.670|
B<3>           |SUM<3>         |    6.323|
B<3>           |SUM<4>         |    6.024|
---------------+---------------+---------+


Analysis completed Tue Sep 12 16:54:31 2017 
--------------------------------------------------------------------------------

Trace Settings:
-------------------------
Trace Settings 

Peak Memory Usage: 287 MB



