Release 12.4 - xst M.81d (lin64)
Copyright (c) 1995-2010 Xilinx, Inc.  All rights reserved.
--> 
Parameter TMPDIR set to xst/projnav.tmp


Total REAL time to Xst completion: 0.00 secs
Total CPU time to Xst completion: 0.03 secs
 
--> 
Parameter xsthdpdir set to xst


Total REAL time to Xst completion: 0.00 secs
Total CPU time to Xst completion: 0.03 secs
 
--> 
Reading design: calc.prj

TABLE OF CONTENTS
  1) Synthesis Options Summary
  2) HDL Parsing
  3) HDL Elaboration
  4) HDL Synthesis
       4.1) HDL Synthesis Report
  5) Advanced HDL Synthesis
       5.1) Advanced HDL Synthesis Report
  6) Low Level Synthesis
  7) Partition Report
  8) Design Summary
       8.1) Primitive and Black Box Usage
       8.2) Device utilization summary
       8.3) Partition Resource Summary
       8.4) Timing Report
            8.4.1) Clock Information
            8.4.2) Asynchronous Control Signals Information
            8.4.3) Timing Summary
            8.4.4) Timing Details
            8.4.5) Cross Clock Domains Report


=========================================================================
*                      Synthesis Options Summary                        *
=========================================================================
---- Source Parameters
Input File Name                    : "calc.prj"
Input Format                       : mixed
Ignore Synthesis Constraint File   : NO

---- Target Parameters
Output File Name                   : "calc"
Output Format                      : NGC
Target Device                      : xc6slx16-3-csg324

---- Source Options
Top Module Name                    : calc
Automatic FSM Extraction           : YES
FSM Encoding Algorithm             : Auto
Safe Implementation                : No
FSM Style                          : LUT
RAM Extraction                     : Yes
RAM Style                          : Auto
ROM Extraction                     : Yes
Shift Register Extraction          : YES
ROM Style                          : Auto
Resource Sharing                   : YES
Asynchronous To Synchronous        : NO
Shift Register Minimum Size        : 2
Use DSP Block                      : Auto
Automatic Register Balancing       : No

---- Target Options
LUT Combining                      : Auto
Reduce Control Sets                : Auto
Add IO Buffers                     : YES
Global Maximum Fanout              : 100000
Add Generic Clock Buffer(BUFG)     : 16
Register Duplication               : YES
Optimize Instantiated Primitives   : NO
Use Clock Enable                   : Auto
Use Synchronous Set                : Auto
Use Synchronous Reset              : Auto
Pack IO Registers into IOBs        : Auto
Equivalent register Removal        : YES

---- General Options
Optimization Goal                  : Speed
Optimization Effort                : 1
Power Reduction                    : NO
Keep Hierarchy                     : No
Netlist Hierarchy                  : As_Optimized
RTL Output                         : Yes
Global Optimization                : AllClockNets
Read Cores                         : YES
Write Timing Constraints           : NO
Cross Clock Analysis               : NO
Hierarchy Separator                : /
Bus Delimiter                      : <>
Case Specifier                     : Maintain
Slice Utilization Ratio            : 100
BRAM Utilization Ratio             : 100
DSP48 Utilization Ratio            : 100
Auto BRAM Packing                  : NO
Slice Utilization Ratio Delta      : 5

=========================================================================


=========================================================================
*                          HDL Parsing                                  *
=========================================================================
Parsing VHDL file "/home/l3/sha/Bureau/TP2/x7seg.vhd" into library work
Parsing entity <x7seg>.
Parsing architecture <Behavioral> of entity <x7seg>.
Parsing VHDL file "/home/l3/sha/Bureau/TP2/parite.vhd" into library work
Parsing entity <parity>.
Parsing architecture <Behavioral> of entity <parity>.
Parsing VHDL file "/home/l3/sha/Bureau/TP2/count1.vhd" into library work
Parsing entity <count1>.
Parsing architecture <Behavioral> of entity <count1>.
Parsing VHDL file "/home/l3/sha/Bureau/TP2/compa.vhd" into library work
Parsing entity <comp>.
Parsing architecture <Behavioral> of entity <comp>.
Parsing VHDL file "/home/l3/sha/Bureau/TP2/add4.vhd" into library work
Parsing entity <add4>.
Parsing architecture <Behavioral> of entity <add4>.
Parsing VHDL file "/home/l3/sha/Bureau/TP2/calc.vhd" into library work
Parsing entity <calc>.
Parsing architecture <Behavioral> of entity <calc>.

=========================================================================
*                            HDL Elaboration                            *
=========================================================================

Elaborating entity <calc> (architecture <Behavioral>) from library <work>.

Elaborating entity <add4> (architecture <Behavioral>) from library <work>.

Elaborating entity <x7seg> (architecture <Behavioral>) from library <work>.
INFO:HDLCompiler:679 - "/home/l3/sha/Bureau/TP2/x7seg.vhd" Line 41. Case statement is complete. others clause is never selected

Elaborating entity <comp> (architecture <Behavioral>) from library <work>.

Elaborating entity <parity> (architecture <Behavioral>) from library <work>.

Elaborating entity <count1> (architecture <Behavioral>) from library <work>.

=========================================================================
*                           HDL Synthesis                               *
=========================================================================

Synthesizing Unit <calc>.
    Related source file is "/home/l3/sha/Bureau/TP2/calc.vhd".
    Found 32x2-bit Read Only RAM for signal <result_mode>
    Summary:
	inferred   1 RAM(s).
	inferred   6 Multiplexer(s).
Unit <calc> synthesized.

Synthesizing Unit <add4>.
    Related source file is "/home/l3/sha/Bureau/TP2/add4.vhd".
    Found 5-bit adder for signal <SUM> created at line 16.
    Summary:
	inferred   1 Adder/Subtractor(s).
Unit <add4> synthesized.

Synthesizing Unit <x7seg>.
    Related source file is "/home/l3/sha/Bureau/TP2/x7seg.vhd".
    Found 7-bit 4-to-1 multiplexer for signal <res> created at line 22.
    Summary:
	inferred   1 Multiplexer(s).
Unit <x7seg> synthesized.

Synthesizing Unit <comp>.
    Related source file is "/home/l3/sha/Bureau/TP2/compa.vhd".
    Found 4-bit comparator equal for signal <RESULT> created at line 16
    Summary:
	inferred   1 Comparator(s).
Unit <comp> synthesized.

Synthesizing Unit <parity>.
    Related source file is "/home/l3/sha/Bureau/TP2/parite.vhd".
    Summary:
Unit <parity> synthesized.

Synthesizing Unit <count1>.
    Related source file is "/home/l3/sha/Bureau/TP2/count1.vhd".
    Found 2-bit adder for signal <n0032> created at line 20.
    Found 3-bit adder for signal <n0034> created at line 20.
    Found 4-bit adder for signal <n0036> created at line 20.
    Found 5-bit adder for signal <n0038> created at line 20.
    Found 6-bit adder for signal <n0040> created at line 20.
    Found 7-bit adder for signal <n0042> created at line 20.
    Found 8-bit adder for signal <n0044> created at line 20.
    Summary:
	inferred   7 Adder/Subtractor(s).
	inferred   7 Multiplexer(s).
Unit <count1> synthesized.
RTL-Simplification CPUSTAT: 0.01 
RTL-BasicInf CPUSTAT: 0.11 
RTL-BasicOpt CPUSTAT: 0.00 
RTL-Remain-Bus CPUSTAT: 0.00 

=========================================================================
HDL Synthesis Report

Macro Statistics
# RAMs                                                 : 1
 32x2-bit single-port Read Only RAM                    : 1
# Adders/Subtractors                                   : 8
 2-bit adder                                           : 1
 3-bit adder                                           : 1
 4-bit adder                                           : 1
 5-bit adder                                           : 2
 6-bit adder                                           : 1
 7-bit adder                                           : 1
 8-bit adder                                           : 1
# Comparators                                          : 1
 4-bit comparator equal                                : 1
# Multiplexers                                         : 14
 2-bit 2-to-1 multiplexer                              : 1
 3-bit 2-to-1 multiplexer                              : 1
 4-bit 2-to-1 multiplexer                              : 1
 5-bit 2-to-1 multiplexer                              : 1
 6-bit 2-to-1 multiplexer                              : 1
 7-bit 2-to-1 multiplexer                              : 1
 7-bit 4-to-1 multiplexer                              : 1
 8-bit 2-to-1 multiplexer                              : 7
# Xors                                                 : 2
 1-bit xor8                                            : 1
 8-bit xor2                                            : 1

=========================================================================

=========================================================================
*                       Advanced HDL Synthesis                          *
=========================================================================


Synthesizing (advanced) Unit <calc>.
INFO:Xst:3031 - HDL ADVISOR - The RAM <Mram_result_mode> will be implemented on LUTs either because you have described an asynchronous read or because of currently unsupported block RAM features. If you have described an asynchronous read, making it synchronous would allow you to take advantage of available block RAM resources, for optimized device usage and improved timings. Please refer to your documentation for coding guidelines.
    -----------------------------------------------------------------------
    | ram_type           | Distributed                         |          |
    -----------------------------------------------------------------------
    | Port A                                                              |
    |     aspect ratio   | 32-word x 2-bit                     |          |
    |     weA            | connected to signal <GND>           | high     |
    |     addrA          | connected to signal <button>        |          |
    |     diA            | connected to signal <GND>           |          |
    |     doA            | connected to signal <result_mode>   |          |
    -----------------------------------------------------------------------
Unit <calc> synthesized (advanced).

=========================================================================
Advanced HDL Synthesis Report

Macro Statistics
# RAMs                                                 : 1
 32x2-bit single-port distributed Read Only RAM        : 1
# Adders/Subtractors                                   : 8
 2-bit adder                                           : 1
 3-bit adder                                           : 1
 4-bit adder                                           : 1
 5-bit adder                                           : 2
 6-bit adder                                           : 1
 7-bit adder                                           : 1
 8-bit adder                                           : 1
# Comparators                                          : 1
 4-bit comparator equal                                : 1
# Multiplexers                                         : 14
 2-bit 2-to-1 multiplexer                              : 1
 3-bit 2-to-1 multiplexer                              : 1
 4-bit 2-to-1 multiplexer                              : 1
 5-bit 2-to-1 multiplexer                              : 1
 6-bit 2-to-1 multiplexer                              : 1
 7-bit 2-to-1 multiplexer                              : 1
 7-bit 4-to-1 multiplexer                              : 1
 8-bit 2-to-1 multiplexer                              : 7
# Xors                                                 : 2
 1-bit xor8                                            : 1
 8-bit xor2                                            : 1

=========================================================================

=========================================================================
*                         Low Level Synthesis                           *
=========================================================================

Optimizing unit <calc> ...

Mapping all equations...
Building and optimizing final netlist ...
Found area constraint ratio of 100 (+ 5) on block calc, actual ratio is 0.

Final Macro Processing ...

=========================================================================
Final Register Report

Found no macro
=========================================================================

=========================================================================
*                           Partition Report                            *
=========================================================================

Partition Implementation Status
-------------------------------

  No Partitions were found in this design.

-------------------------------

=========================================================================
*                            Design Summary                             *
=========================================================================

Top Level Output File Name         : calc.ngc

Primitive and Black Box Usage:
------------------------------
# BELS                             : 61
#      GND                         : 1
#      LUT2                        : 3
#      LUT3                        : 4
#      LUT4                        : 4
#      LUT5                        : 19
#      LUT6                        : 24
#      MUXF7                       : 5
#      VCC                         : 1
# IO Buffers                       : 32
#      IBUF                        : 13
#      OBUF                        : 19

Device utilization summary:
---------------------------

Selected Device : 6slx16csg324-3 


Slice Logic Utilization: 
 Number of Slice LUTs:                   54  out of   9112     0%  
    Number used as Logic:                54  out of   9112     0%  

Slice Logic Distribution: 
 Number of LUT Flip Flop pairs used:     54
   Number with an unused Flip Flop:      54  out of     54   100%  
   Number with an unused LUT:             0  out of     54     0%  
   Number of fully used LUT-FF pairs:     0  out of     54     0%  
   Number of unique control sets:         0

IO Utilization: 
 Number of IOs:                          32
 Number of bonded IOBs:                  32  out of    232    13%  

Specific Feature Utilization:

---------------------------
Partition Resource Summary:
---------------------------

  No Partitions were found in this design.

---------------------------


=========================================================================
Timing Report

NOTE: THESE TIMING NUMBERS ARE ONLY A SYNTHESIS ESTIMATE.
      FOR ACCURATE TIMING INFORMATION PLEASE REFER TO THE TRACE REPORT
      GENERATED AFTER PLACE-and-ROUTE.

Clock Information:
------------------
No clock signals found in this design

Asynchronous Control Signals Information:
----------------------------------------
No asynchronous control signals found in this design

Timing Summary:
---------------
Speed Grade: -3

   Minimum period: No path found
   Minimum input arrival time before clock: No path found
   Maximum output required time after clock: No path found
   Maximum combinational path delay: 10.808ns

Timing Details:
---------------
All values displayed in nanoseconds (ns)

=========================================================================
Timing constraint: Default path analysis
  Total number of paths / destination ports: 3058 / 12
-------------------------------------------------------------------------
Delay:               10.808ns (Levels of Logic = 8)
  Source:            switches<4> (PAD)
  Destination:       sevenseg<6> (PAD)

  Data Path: switches<4> to sevenseg<6>
                                Gate     Net
    Cell:in->out      fanout   Delay   Delay  Logical Name (Net Name)
    ----------------------------------------  ------------
     IBUF:I->O            14   1.222   1.302  switches_4_IBUF (switches_4_IBUF)
     LUT5:I0->O            5   0.203   1.079  U4/Mmux_GND_10_o_BUS_0004_mux_7_OUT21 (U4/Madd_n0040_lut<1>)
     LUT6:I0->O            1   0.203   0.944  U4/Mmux_GND_10_o_BUS_0005_mux_9_OUT4 (U4/Madd_n0042_lut<3>)
     LUT6:I0->O            1   0.203   0.000  Mmux_led96_G (N143)
     MUXF7:I1->O           1   0.140   0.808  Mmux_led96 (Mmux_led95)
     LUT3:I0->O            8   0.205   1.147  Mmux_led97 (led_3_OBUF)
     LUT6:I1->O            1   0.203   0.579  U1/Mmux_res6 (sevenseg_5_OBUF)
     OBUF:I->O                 2.571          sevenseg_5_OBUF (sevenseg<5>)
    ----------------------------------------
    Total                     10.808ns (4.950ns logic, 5.858ns route)
                                       (45.8% logic, 54.2% route)

=========================================================================

Cross Clock Domains Report:
--------------------------

=========================================================================


Total REAL time to Xst completion: 3.00 secs
Total CPU time to Xst completion: 3.12 secs
 
--> 


Total memory usage is 364268 kilobytes

Number of errors   :    0 (   0 filtered)
Number of warnings :    0 (   0 filtered)
Number of infos    :    1 (   0 filtered)

